// Jest Snapshot v1, https://goo.gl/fbAQLP

exports[`StockTracker Component should render correctly 1`] = `
<div
  className="stock-tracker-container"
>
  <div
    className="stock-tracker-container__logo"
  >
    <AdaptiveLogo />
  </div>
  <div
    className="stock-tracker-container__search"
  >
    <Connect(Search) />
  </div>
  <div
    className="stock-tracker-container__history"
  >
    <Connect(History) />
  </div>
  <div
    className="stock-tracker-container__news"
  >
    <Styled(h3)>
      News
    </Styled(h3)>
    <Connect(NewsItems) />
  </div>
  <div
    className="stock-tracker-container__key-stats"
  >
    <Styled(h3)>
      Key Stats
    </Styled(h3)>
    <Connect(KeyStats) />
  </div>
  <div
    className="stock-tracker-overview"
  >
    <Styled(h3)>
      Overview
    </Styled(h3)>
    <Connect(Overview) />
  </div>
  <div
    className="stock-tracker-container__peers"
  >
    <Styled(h3)>
      Peers
    </Styled(h3)>
    <Connect(Peers) />
  </div>
</div>
`;
