// Jest Snapshot v1, https://goo.gl/fbAQLP

exports[`StockTracker Component should render correctly 1`] = `
<Styled(div)>
  <Styled(div)>
    <AdaptiveLogo />
  </Styled(div)>
  <Styled(div)>
    <Connect(Search) />
  </Styled(div)>
  <Connect(Quote) />
  <Styled(div)>
    <Connect(History) />
  </Styled(div)>
  <Styled(div)>
    <Styled(h3)>
      News
    </Styled(h3)>
    <Connect(NewsItems) />
  </Styled(div)>
  <Styled(div)>
    <Styled(h3)>
      Key Stats
    </Styled(h3)>
    <Connect(KeyStats) />
  </Styled(div)>
  <Styled(div)>
    <Styled(h3)>
      Overview
    </Styled(h3)>
    <Connect(Overview) />
  </Styled(div)>
  <Styled(div)>
    <Styled(h3)>
      Peers
    </Styled(h3)>
    <Connect(Peers) />
  </Styled(div)>
</Styled(div)>
`;
