// Jest Snapshot v1, https://goo.gl/fbAQLP

exports[`Quote Component renders correctly on initial state 1`] = `
.emotion-0 {
  color: white;
  display: block;
  margin-bottom: 0.3rem;
  font-size: 0.9rem;
}

<span
  className="emotion-0"
>
   Websocket 
  INITIAL
</span>
`;

exports[`Quote Component renders correctly on negative change price 1`] = `
.emotion-2 {
  display: -webkit-box;
  display: -webkit-flex;
  display: -ms-flexbox;
  display: flex;
  -webkit-flex-direction: column nowrap;
  -ms-flex-direction: column nowrap;
  flex-direction: column nowrap;
  padding: 0.7rem 0.5rem;
  width: 25rem;
  -webkit-box-pack: space-evenly;
  -webkit-justify-content: space-evenly;
  -ms-flex-pack: space-evenly;
  justify-content: space-evenly;
}

.emotion-0 {
  color: white;
  display: block;
  margin-bottom: 0.3rem;
  margin-bottom: 0;
  display: inline-block;
}

.emotion-1 {
  color: white;
  display: block;
  margin-bottom: 0.3rem;
  margin-bottom: 0;
  display: inline-block;
}

<span
  className="emotion-2"
>
  <span
    className="emotion-0"
  >
    $20.00
  </span>
  <span
    className="emotion-1"
  >
    <sup>
      ↓ 
    </sup>
    1.00
     | 
     0.50%
  </span>
</span>
`;

exports[`Quote Component renders correctly on positive change price 1`] = `
.emotion-2 {
  display: -webkit-box;
  display: -webkit-flex;
  display: -ms-flexbox;
  display: flex;
  -webkit-flex-direction: column nowrap;
  -ms-flex-direction: column nowrap;
  flex-direction: column nowrap;
  padding: 0.7rem 0.5rem;
  width: 25rem;
  -webkit-box-pack: space-evenly;
  -webkit-justify-content: space-evenly;
  -ms-flex-pack: space-evenly;
  justify-content: space-evenly;
}

.emotion-0 {
  color: white;
  display: block;
  margin-bottom: 0.3rem;
  margin-bottom: 0;
  display: inline-block;
}

.emotion-1 {
  color: white;
  display: block;
  margin-bottom: 0.3rem;
  margin-bottom: 0;
  display: inline-block;
}

<span
  className="emotion-2"
>
  <span
    className="emotion-0"
  >
    $20.00
  </span>
  <span
    className="emotion-1"
  >
    <sup>
      ↑ 
    </sup>
    1.00
     | 
     0.50%
  </span>
</span>
`;
