// Jest Snapshot v1, https://goo.gl/fbAQLP

exports[`overview component should render correctly 1`] = `
.emotion-0 {
  color: white;
  display: block;
  margin-bottom: 0.3rem;
  font-size: 1.4rem;
}

<div
  className="overview-container"
>
  <span
    className="emotion-0"
  >
    Apple Inc.
     (
    AAPL
    )
  </span>
  <a
    className="label label--small label--link"
    href="http://www.apple.com"
  >
    http://www.apple.com
  </a>
  <span
    className="label"
  >
    Apple Inc is designs, manufactures and markets mobile communication and media devices and personal computers, and sells a variety of related software, services, accessories, networking solutions and third-party digital content and applications.
  </span>
</div>
`;
