// Jest Snapshot v1, https://goo.gl/fbAQLP

exports[`Keystats Component should render key stats when keystats state updated 1`] = `
<Styled(div)>
  <Styled(div)
    key="Previous Close"
  >
    <Styled(span)
      grey={true}
      small={true}
    >
      Previous Close
    </Styled(span)>
    <Styled(span)>
      10
    </Styled(span)>
  </Styled(div)>
  <Styled(div)
    key="Day Range"
  >
    <Styled(span)
      grey={true}
      small={true}
    >
      Day Range
    </Styled(span)>
    <Styled(span)>
      10 - 100
    </Styled(span)>
  </Styled(div)>
  <Styled(div)
    key="Volume"
  >
    <Styled(span)
      grey={true}
      small={true}
    >
      Volume
    </Styled(span)>
    <Styled(span)>
      10,000
    </Styled(span)>
  </Styled(div)>
  <Styled(div)
    key="Market Cap"
  >
    <Styled(span)
      grey={true}
      small={true}
    >
      Market Cap
    </Styled(span)>
    <Styled(span)>
      100,000,000
    </Styled(span)>
  </Styled(div)>
  <Styled(div)
    key="P/E Ratio"
  >
    <Styled(span)
      grey={true}
      small={true}
    >
      P/E Ratio
    </Styled(span)>
    <Styled(span)>
      10
    </Styled(span)>
  </Styled(div)>
  <Styled(div)
    key="Open"
  >
    <Styled(span)
      grey={true}
      small={true}
    >
      Open
    </Styled(span)>
    <Styled(span)>
      10
    </Styled(span)>
  </Styled(div)>
  <Styled(div)
    key="52 Week Range"
  >
    <Styled(span)
      grey={true}
      small={true}
    >
      52 Week Range
    </Styled(span)>
    <Styled(span)>
      10 - 100
    </Styled(span)>
  </Styled(div)>
  <Styled(div)
    key="Total Avg. Volume"
  >
    <Styled(span)
      grey={true}
      small={true}
    >
      Total Avg. Volume
    </Styled(span)>
    <Styled(span)>
      10,000
    </Styled(span)>
  </Styled(div)>
  <Styled(div)
    key="Earnings Per Share"
  >
    <Styled(span)
      grey={true}
      small={true}
    >
      Earnings Per Share
    </Styled(span)>
    <Styled(span)>
      10
    </Styled(span)>
  </Styled(div)>
  <Styled(div)
    key="Dividend & Yield"
  >
    <Styled(span)
      grey={true}
      small={true}
    >
      Dividend & Yield
    </Styled(span)>
    <Styled(span)>
      10%
    </Styled(span)>
  </Styled(div)>
</Styled(div)>
`;

exports[`Keystats Component should render status when keystats state is not SUCCESS 1`] = `
<Styled(div)>
  <Styled(span)>
    FAILED
  </Styled(span)>
</Styled(div)>
`;
